
  Tests

    [90mÔùî[0m should render the main navigation bar and title
    [90mÔùî[0m should render the tours (Nossos Passeios) section
    [90mÔùî[0m should open the reservation modal when clicking Reservar
    [90mÔùî[0m should close the reservation modal when clicking X
    [90mÔùî[0m should alert if terms are not accepted on form submit
